08-05 18:05:08.104   683  1014 E hwcomposer: [DRMDEV] failed to drmWaitVBlank with dpy_0: -1
08-05 18:05:08.104   683  1014 W hwcomposer: (0) failed to waitNextVsync: -1
08-05 18:05:08.113   730  2919 I BufferQueueProducer: [StatusBar#0](this:0xb400007e11761258,id:5,api:1,p:1892,c:730) queueBuffer: fps=0.33 dur=3019.01 max=3019.01 min=3019.01
08-05 18:05:08.121   683  1014 E hwcomposer: [DRMDEV] failed to drmWaitVBlank with dpy_0: -1
08-05 18:05:08.121   683  1014 W hwcomposer: (0) failed to waitNextVsync: -1
08-05 18:05:08.132   683   811 I hwcomposer: [HWCDisplay] [Display_0 (type:1)] fps:0.659103,dur:3034.43,max:2770.99,min:263.43
08-05 18:05:08.241   683  1009 I hwcomposer: [DPY] receive refesh frquest from driver: type[4]
08-05 18:05:08.241   683  1009 I hwcomposer: [HWC] fire a callback of refresh to SF
08-05 18:05:08.259   730   730 I BufferQueueProducer: [FramebufferSurface](this:0xb400007e00f11ed0,id:-1,api:1,p:730,c:730) queueBuffer: fps=0.34 dur=2898.66 max=2898.66 min=2898.66
08-05 18:05:08.446 10217 11532 W Finsky  : [30132] wcs.q(914): Package com.android.art not installed
08-05 18:05:08.452 10217 11532 W Finsky  : [30132] wcs.q(914): Package com.android.apex.cts.shim not installed
08-05 18:05:08.473 10217 11532 W Finsky  : [30132] wcs.q(914): Package com.android.runtime not installed
08-05 18:05:08.481 10217 11532 W Finsky  : [30132] wcs.q(914): Package com.android.i18n not installed
08-05 18:05:08.484 10217 11532 W Finsky  : [30132] wcs.q(914): Package com.android.vndk.v30 not installed
08-05 18:05:08.488 10217 11532 W Finsky  : [30132] wcs.q(914): Package com.android.wifi not installed
08-05 18:05:08.824 10217 10300 I Finsky  : [30038] qdq.q(41): Completed 0 account content syncs with 0 successful.
08-05 18:05:08.825 10217 10217 I Finsky  : [2] ContentSyncJob.a(14): [ContentSync] Installation state replication succeeded.
08-05 18:05:08.825 10217 10217 I Finsky  : [2] zlf.r(83): SCH: jobFinished: 12-1. TimeElapsed: 1162ms.
08-05 18:05:08.835 10217 10313 I Finsky  : [30051] yiv.accept(391): SCH: Scheduling phonesky job Id: 1-1337, CT: 1691215887509, Constraints: [{ L: 38252165, D: 81452165, C: 1, I: 1, N: 1 }]
08-05 18:05:08.835 10217 10313 I Finsky  : [30051] yiv.accept(391): SCH: Scheduling phonesky job Id: 34-1425, CT: 1691215892151, Constraints: [{ L: 70901048, D: 1366901048, C: 1, I: 1, N: 1 }]
08-05 18:05:08.839 10217 10307 I Finsky  : [30045] yrr.apply(79): SCH: Scheduling 1 system job(s)
08-05 18:05:08.840 10217 10307 I Finsky  : [30045] zlc.d(263): SCH: Scheduling system job Id: 9598, L: 15230835, D: 58430835, C: false, I: false, N: 1
08-05 18:05:08.845 10217 11531 I Finsky  : [30131] zms.a(17): SCH: job service finished with id 9560.
08-05 18:05:08.849  1381  1642 I MiuiNetworkPolicy: updateUidState uid = 10194, uidState = 10
08-05 18:05:08.929  1381  1642 I MiuiNetworkPolicy: updateUidState uid = 10194, uidState = 19
08-05 18:05:09.084   683  1014 E hwcomposer: [DRMDEV] failed to drmWaitVBlank with dpy_0: -1
08-05 18:05:09.085   683  1014 W hwcomposer: (0) failed to waitNextVsync: -1
08-05 18:05:09.088   683  1014 E hwcomposer: [DRMDEV] failed to drmWaitVBlank with dpy_0: -1
08-05 18:05:09.088   683  1014 W hwcomposer: (0) failed to waitNextVsync: -1
08-05 18:05:09.104   683  1014 E hwcomposer: [DRMDEV] failed to drmWaitVBlank with dpy_0: -1
08-05 18:05:09.105   683  1014 W hwcomposer: (0) failed to waitNextVsync: -1
08-05 18:05:09.118   730  2919 I BufferQueueProducer: [StatusBar#0](this:0xb400007e11761258,id:5,api:1,p:1892,c:730) queueBuffer: fps=1.00 dur=1004.62 max=1004.62 min=1004.62
08-05 18:05:09.121   683  1014 E hwcomposer: [DRMDEV] failed to drmWaitVBlank with dpy_0: -1
08-05 18:05:09.121   683  1014 W hwcomposer: (0) failed to waitNextVsync: -1
08-05 18:05:09.134   683   811 I hwcomposer: [HWCDisplay] [Display_0 (type:1)] fps:1.996532,dur:1001.74,max:874.57,min:127.17
08-05 18:05:09.176 11535 11535 W sh      : type=1400 audit(0.0:153805): avc: denied { search } for name="mm" dev="sysfs" ino=6916 scontext=u:r:shell:s0 tcontext=u:object_r:sysfs_mm:s0 tclass=dir permissive=0
08-05 18:05:09.200 11535 11535 W ps      : type=1400 audit(0.0:153806): avc: denied { search } for name="mm" dev="sysfs" ino=6916 scontext=u:r:shell:s0 tcontext=u:object_r:sysfs_mm:s0 tclass=dir permissive=0
08-05 18:05:09.292 11537 11537 W sh      : type=1400 audit(0.0:153807): avc: denied { search } for name="mm" dev="sysfs" ino=6916 scontext=u:r:shell:s0 tcontext=u:object_r:sysfs_mm:s0 tclass=dir permissive=0
08-05 18:05:09.308 11537 11537 W ps      : type=1400 audit(0.0:153808): avc: denied { search } for name="mm" dev="sysfs" ino=6916 scontext=u:r:shell:s0 tcontext=u:object_r:sysfs_mm:s0 tclass=dir permissive=0
08-05 18:05:09.514   683  1014 E hwcomposer: [DRMDEV] failed to drmWaitVBlank with dpy_0: -1
08-05 18:05:09.514   683  1009 I hwcomposer: [DPY] receive refesh frquest from driver: type[4]
08-05 18:05:09.514   683  1014 W hwcomposer: (0) failed to waitNextVsync: -1
08-05 18:05:09.514   683  1009 I hwcomposer: [HWC] fire a callback of refresh to SF
08-05 18:05:09.521   683  1014 E hwcomposer: [DRMDEV] failed to drmWaitVBlank with dpy_0: -1
08-05 18:05:09.521   683  1014 W hwcomposer: (0) failed to waitNextVsync: -1
08-05 18:05:09.538   683  1014 E hwcomposer: [DRMDEV] failed to drmWaitVBlank with dpy_0: -1
08-05 18:05:09.538   683  1014 W hwcomposer: (0) failed to waitNextVsync: -1
08-05 18:05:09.542   730   730 I BufferQueueProducer: [FramebufferSurface](this:0xb400007e00f11ed0,id:-1,api:1,p:730,c:730) queueBuffer: fps=0.78 dur=1283.17 max=1283.17 min=1283.17
08-05 18:05:10.103  1061  2025 D AALLightSensor: oldLux=55 [SA:39 LA:39] newLux=55 (oriLux: 39)
08-05 18:05:10.518 21070 21102 D BluetoothUtils: blockedByLocationOff callingUid=1002
08-05 18:05:10.522 21070 21102 I BluetoothUtils: packagename is android.uid.bluetooth:1002 ,and its permission is false
08-05 18:05:10.522 21070 21102 D BluetoothUtils: blockedByLocationOff callingUid=1002
08-05 18:05:10.522 21070 21102 I BluetoothUtils: packagename is android.uid.bluetooth:1002 ,and its permission is false
08-05 18:05:10.523 21070 21102 D BluetoothUtils: blockedByLocationOff callingUid=1002
08-05 18:05:10.524 21070 21102 I BluetoothUtils: packagename is android.uid.bluetooth:1002 ,and its permission is false
08-05 18:05:10.525  7630  7763 I NearbyDiscovery: (REDACTED) FastPairCache: Not triggering, because RSSI %d is below the threshold of %d, %s, isScannedByOffloadScanner=%b
08-05 18:05:11.085  1381  1653 E WifiVendorHal: getWifiLinkLayerStats_1_3_Internal(l.976) failed {.code = ERROR_NOT_SUPPORTED, .description = }
08-05 18:05:11.100   683  1014 E hwcomposer: [DRMDEV] failed to drmWaitVBlank with dpy_0: -1
08-05 18:05:11.100   683  1014 W hwcomposer: (0) failed to waitNextVsync: -1
08-05 18:05:11.104   683  1014 E hwcomposer: [DRMDEV] failed to drmWaitVBlank with dpy_0: -1
08-05 18:05:11.105   683  1014 W hwcomposer: (0) failed to waitNextVsync: -1
08-05 18:05:11.121   683  1014 E hwcomposer: [DRMDEV] failed to drmWaitVBlank with dpy_0: -1
08-05 18:05:11.121   683  1014 W hwcomposer: (0) failed to waitNextVsync: -1
08-05 18:05:11.138   683  1014 E hwcomposer: [DRMDEV] failed to drmWaitVBlank with dpy_0: -1
08-05 18:05:11.138   683  1014 W hwcomposer: (0) failed to waitNextVsync: -1
08-05 18:05:11.138   730  1252 I BufferQueueProducer: [StatusBar#0](this:0xb400007e11761258,id:5,api:1,p:1892,c:730) queueBuffer: fps=0.49 dur=2020.87 max=2020.87 min=2020.87
08-05 18:05:11.150   683   811 I hwcomposer: [HWCDisplay] [Display_0 (type:1)] fps:0.992160,dur:2015.80,max:1606.67,min:409.13
08-05 18:05:11.344 11539 11539 W sh      : type=1400 audit(0.0:153809): avc: denied { search } for name="mm" dev="sysfs" ino=6916 scontext=u:r:shell:s0 tcontext=u:object_r:sysfs_mm:s0 tclass=dir permissive=0
08-05 18:05:11.360 11539 11539 W ps      : type=1400 audit(0.0:153810): avc: denied { search } for name="mm" dev="sysfs" ino=6916 scontext=u:r:shell:s0 tcontext=u:object_r:sysfs_mm:s0 tclass=dir permissive=0
08-05 18:05:11.412 11541 11541 W sh      : type=1400 audit(0.0:153811): avc: denied { search } for name="mm" dev="sysfs" ino=6916 scontext=u:r:shell:s0 tcontext=u:object_r:sysfs_mm:s0 tclass=dir permissive=0
08-05 18:05:11.436 11541 11541 W ps      : type=1400 audit(0.0:153812): avc: denied { search } for name="mm" dev="sysfs" ino=6916 scontext=u:r:shell:s0 tcontext=u:object_r:sysfs_mm:s0 tclass=dir permissive=0
08-05 18:05:11.682   683  1009 I hwcomposer: [DPY] receive refesh frquest from driver: type[4]
08-05 18:05:11.682   683  1014 E hwcomposer: [DRMDEV] failed to drmWaitVBlank with dpy_0: -1
08-05 18:05:11.682   683  1014 W hwcomposer: (0) failed to waitNextVsync: -1
08-05 18:05:11.682   683  1009 I hwcomposer: [HWC] fire a callback of refresh to SF
08-05 18:05:11.682   730  1004 W HWComposer: Ignoring duplicate VSYNC event from HWC for display 0 (t=64228647991000)
08-05 18:05:11.688   683  1014 E hwcomposer: [DRMDEV] failed to drmWaitVBlank with dpy_0: -1
08-05 18:05:11.688   683  1014 W hwcomposer: (0) failed to waitNextVsync: -1
08-05 18:05:11.704   683  1014 E hwcomposer: [DRMDEV] failed to drmWaitVBlank with dpy_0: -1
08-05 18:05:11.704   683  1014 W hwcomposer: (0) failed to waitNextVsync: -1
08-05 18:05:11.708   730   730 I BufferQueueProducer: [FramebufferSurface](this:0xb400007e00f11ed0,id:-1,api:1,p:730,c:730) queueBuffer: fps=0.46 dur=2166.51 max=2166.51 min=2166.51
08-05 18:05:12.022  1892  2022 D NetworkController.MobileSignalController(1): onSignalStrengthsChanged signalStrength=SignalStrength:{mCdma=CellSignalStrengthCdma: cdmaDbm=2147483647 cdmaEcio=2147483647 evdoDbm=2147483647 evdoEcio=2147483647 evdoSnr=2147483647 miuiLevel=0 level=0,mGsm=CellSignalStrengthGsm: rssi=2147483647 ber=2147483647 mTa=2147483647 miuiLevel=0 mLevel=0,mWcdma=CellSignalStrengthWcdma: ss=2147483647 ber=2147483647 rscp=2147483647 ecno=2147483647 miuiLevel=0 level=0,mTdscdma=CellSignalStrengthTdscdma: rssi=2147483647 ber=2147483647 rscp=2147483647 miuiLevel=0 level=0,mLte=CellSignalStrengthLte: rssi=-93 rsrp=-106 rsrq=-15 rssnr=0 cqi=0 ta=0 miuiLevel=3 level=3 parametersUseForLevel=0,mNr=CellSignalStrengthNr:{ csiRsrp = 2147483647 csiRsrq = 2147483647 csiSinr = 2147483647 ssRsrp = 2147483647 ssRsrq = 2147483647 ssSinr = 2147483647 miuiLevel = 0 level = 0 parametersUseForLevel = 0 },primary=CellSignalStrengthLte}, phoneId=0, mMtkLevel=0, mMtkRsrpOnly=false, mMtkLteRsrpThreshold=null, mMtkLteRssnrThreshold=null level=3
08-05 18:05:12.023  1892  2022 D NetworkController.MobileSignalController(1): updateTelephonySignalStrength: hasService=true ss=SignalStrength:{mCdma=CellSignalStrengthCdma: cdmaDbm=2147483647 cdmaEcio=2147483647 evdoDbm=2147483647 evdoEcio=2147483647 evdoSnr=2147483647 miuiLevel=0 level=0,mGsm=CellSignalStrengthGsm: rssi=2147483647 ber=2147483647 mTa=2147483647 miuiLevel=0 mLevel=0,mWcdma=CellSignalStrengthWcdma: ss=2147483647 ber=2147483647 rscp=2147483647 ecno=2147483647 miuiLevel=0 level=0,mTdscdma=CellSignalStrengthTdscdma: rssi=2147483647 ber=2147483647 rscp=2147483647 miuiLevel=0 level=0,mLte=CellSignalStrengthLte: rssi=-93 rsrp=-106 rsrq=-15 rssnr=0 cqi=0 ta=0 miuiLevel=3 level=3 parametersUseForLevel=0,mNr=CellSignalStrengthNr:{ csiRsrp = 2147483647 csiRsrq = 2147483647 csiSinr = 2147483647 ssRsrp = 2147483647 ssRsrq = 2147483647 ssSinr = 2147483647 miuiLevel = 0 level = 0 parametersUseForLevel = 0 },primary=CellSignalStrengthLte}, phoneId=0, mMtkLevel=0, mMtkRsrpOnly=false, mMtkLteRsrpThreshold=null, mMtkLteRssnrThreshold=null displayInfo=TelephonyDisplayInfo {network=LTE, override=NONE}
08-05 18:05:12.023  1892  2022 D NetworkController.MobileSignalController(1): NotQcom5G, signal level = 3
08-05 18:05:12.687 21070 21102 D BluetoothUtils: blockedByLocationOff callingUid=1002
08-05 18:05:12.689 21070 21102 I BluetoothUtils: packagename is android.uid.bluetooth:1002 ,and its permission is false
08-05 18:05:12.689 21070 21102 D BluetoothUtils: blockedByLocationOff callingUid=1002
08-05 18:05:12.690 21070 21102 I BluetoothUtils: packagename is android.uid.bluetooth:1002 ,and its permission is false
08-05 18:05:12.692 21070 21102 D BluetoothUtils: blockedByLocationOff callingUid=1002
08-05 18:05:12.693 21070 21102 I BluetoothUtils: packagename is android.uid.bluetooth:1002 ,and its permission is false
08-05 18:05:12.695  7630  7763 I NearbyDiscovery: (REDACTED) FastPairCache: Not triggering, because RSSI %d is below the threshold of %d, %s, isScannedByOffloadScanner=%b
08-05 18:05:13.448 11543 11543 W sh      : type=1400 audit(0.0:153813): avc: denied { search } for name="mm" dev="sysfs" ino=6916 scontext=u:r:shell:s0 tcontext=u:object_r:sysfs_mm:s0 tclass=dir permissive=0
08-05 18:05:13.476 11543 11543 W ps      : type=1400 audit(0.0:153814): avc: denied { search } for name="mm" dev="sysfs" ino=6916 scontext=u:r:shell:s0 tcontext=u:object_r:sysfs_mm:s0 tclass=dir permissive=0
08-05 18:05:13.564 11545 11545 W sh      : type=1400 audit(0.0:153815): avc: denied { search } for name="mm" dev="sysfs" ino=6916 scontext=u:r:shell:s0 tcontext=u:object_r:sysfs_mm:s0 tclass=dir permissive=0
08-05 18:05:13.576 11545 11545 W ps      : type=1400 audit(0.0:153816): avc: denied { search } for name="mm" dev="sysfs" ino=6916 scontext=u:r:shell:s0 tcontext=u:object_r:sysfs_mm:s0 tclass=dir permissive=0
08-05 18:05:13.641  1381  1642 I MiuiNetworkPolicy: updateUidState uid = 1000, uidState = 0
08-05 18:05:14.100  1381  1653 E WifiVendorHal: getWifiLinkLayerStats_1_3_Internal(l.976) failed {.code = ERROR_NOT_SUPPORTED, .description = }
08-05 18:05:14.109  1381  1719 D SlaveWifiManager: getWifiSlaveConnectionInfo
08-05 18:05:14.110  1381  1719 D SlaveWifiManager: getWifiSlaveConnectionInfo
08-05 18:05:14.113  1892  2022 D NetworkController: onReceive: intent=Intent { act=android.net.wifi.RSSI_CHANGED flg=0x4000010 (has extras) }
08-05 18:05:14.115   683  1014 E hwcomposer: [DRMDEV] failed to drmWaitVBlank with dpy_0: -1
08-05 18:05:14.115   683  1014 W hwcomposer: (0) failed to waitNextVsync: -1
08-05 18:05:14.121   683  1014 E hwcomposer: [DRMDEV] failed to drmWaitVBlank with dpy_0: -1
08-05 18:05:14.121   683  1014 W hwcomposer: (0) failed to waitNextVsync: -1
08-05 18:05:14.133  3004  5025 I CarrierServices: [145] gnn.handleMessage: RcsEngineImpl[DUAL_REG]:[77cb523c-bbcc]>Handler: handleMessage processing message:[NOTIFY_UPTIME_IGNORE_STATE_CHANGED] with [non-null]:RcsEngineImpl reference
08-05 18:05:14.134  3004  5031 I CarrierServices: [146] fvp.c: Connected state: [1], networkType: [WIFI]
08-05 18:05:14.138   683  1014 E hwcomposer: [DRMDEV] failed to drmWaitVBlank with dpy_0: -1
08-05 18:05:14.138   683  1014 W hwcomposer: (0) failed to waitNextVsync: -1
08-05 18:05:14.154   683  1014 E hwcomposer: [DRMDEV] failed to drmWaitVBlank with dpy_0: -1
08-05 18:05:14.154   683  1014 W hwcomposer: (0) failed to waitNextVsync: -1
08-05 18:05:14.160   730  2919 I BufferQueueProducer: [StatusBar#0](this:0xb400007e11761258,id:5,api:1,p:1892,c:730) queueBuffer: fps=0.33 dur=3021.13 max=3021.13 min=3021.13
08-05 18:05:14.164  3004  5025 I CarrierServices: [145] gkn.z: Rcs is enabled from user settings: true
08-05 18:05:14.165   683   811 I hwcomposer: [HWCDisplay] [Display_0 (type:1)] fps:0.663197,dur:3015.69,max:2456.08,min:559.61
08-05 18:05:14.346   683  1009 I hwcomposer: [DPY] receive refesh frquest from driver: type[4]
08-05 18:05:14.346   683  1014 E hwcomposer: [DRMDEV] failed to drmWaitVBlank with dpy_0: -1
08-05 18:05:14.347   683  1014 W hwcomposer: (0) failed to waitNextVsync: -1
08-05 18:05:14.347   683  1009 I hwcomposer: [HWC] fire a callback of refresh to SF
08-05 18:05:14.354   683  1014 E hwcomposer: [DRMDEV] failed to drmWaitVBlank with dpy_0: -1
08-05 18:05:14.354   683  1014 W hwcomposer: (0) failed to waitNextVsync: -1
08-05 18:05:14.371   683  1014 E hwcomposer: [DRMDEV] failed to drmWaitVBlank with dpy_0: -1
08-05 18:05:14.371   683  1014 W hwcomposer: (0) failed to waitNextVsync: -1
08-05 18:05:14.375   730   730 I BufferQueueProducer: [FramebufferSurface](this:0xb400007e00f11ed0,id:-1,api:1,p:730,c:730) queueBuffer: fps=0.38 dur=2666.32 max=2666.32 min=2666.32
08-05 18:05:14.561  1381  1642 D MiuiNetworkPolicy: updateLimit mLimitEnabled=true,enabled=false,mNetworkPriorityMode=255
08-05 18:05:15.197  3241  4315 I com.miui.daemo: oneway function results will be dropped but finished with status OK and parcel size 4
08-05 18:05:15.198  3241  4315 I com.miui.daemo: oneway function results will be dropped but finished with status OK and parcel size 4
08-05 18:05:15.292  1061  2025 D AALLightSensor: oldLux=55 [SA:39 LA:39] newLux=55 (oriLux: 40)
08-05 18:05:15.624 11548 11548 W sh      : type=1400 audit(0.0:153817): avc: denied { search } for name="mm" dev="sysfs" ino=6916 scontext=u:r:shell:s0 tcontext=u:object_r:sysfs_mm:s0 tclass=dir permissive=0
08-05 18:05:15.652 11548 11548 W ps      : type=1400 audit(0.0:153818): avc: denied { search } for name="mm" dev="sysfs" ino=6916 scontext=u:r:shell:s0 tcontext=u:object_r:sysfs_mm:s0 tclass=dir permissive=0
08-05 18:05:15.676 11550 11550 W sh      : type=1400 audit(0.0:153819): avc: denied { search } for name="mm" dev="sysfs" ino=6916 scontext=u:r:shell:s0 tcontext=u:object_r:sysfs_mm:s0 tclass=dir permissive=0
08-05 18:05:15.700 11550 11550 W ps      : type=1400 audit(0.0:153820): avc: denied { search } for name="mm" dev="sysfs" ino=6916 scontext=u:r:shell:s0 tcontext=u:object_r:sysfs_mm:s0 tclass=dir permissive=0
08-05 18:05:16.041 23558 24072 I System.out: [okhttp]:check permission begin!
08-05 18:05:16.043 23558 24072 I System.out: [okhttp]:not MMS!
08-05 18:05:16.043 23558 24072 I System.out: [okhttp]:not Email!
08-05 18:05:16.129 23558 24072 I System.out: [socket]:check permission begin!
08-05 18:05:16.517 23558 24072 I System.out: [OkHttp] sendRequest>>
08-05 18:05:16.518 23558 24072 I System.out: [OkHttp] sendRequest<<
08-05 18:05:16.600 23558 24072 I System.out: [okhttp]:check permission begin!
08-05 18:05:16.600 23558 24072 I System.out: [okhttp]:not MMS!
08-05 18:05:16.601 23558 24072 I System.out: [okhttp]:not Email!
08-05 18:05:16.659 23558 24072 I System.out: [socket]:check permission begin!
08-05 18:05:17.006 23558 24072 I System.out: [OkHttp] sendRequest>>
08-05 18:05:17.006 23558 24072 I System.out: [OkHttp] sendRequest<<
08-05 18:05:17.108   683  1014 E hwcomposer: [DRMDEV] failed to drmWaitVBlank with dpy_0: -1
08-05 18:05:17.109   683  1014 W hwcomposer: (0) failed to waitNextVsync: -1
08-05 18:05:17.115  1381  1653 E WifiVendorHal: getWifiLinkLayerStats_1_3_Internal(l.976) failed {.code = ERROR_NOT_SUPPORTED, .description = }
08-05 18:05:17.121   683  1014 E hwcomposer: [DRMDEV] failed to drmWaitVBlank with dpy_0: -1
08-05 18:05:17.121   683  1014 W hwcomposer: (0) failed to waitNextVsync: -1
08-05 18:05:17.130   730  2919 I BufferQueueProducer: [StatusBar#0](this:0xb400007e11761258,id:5,api:1,p:1892,c:730) queueBuffer: fps=0.34 dur=2970.79 max=2970.79 min=2970.79
08-05 18:05:17.138   683  1014 E hwcomposer: [DRMDEV] failed to drmWaitVBlank with dpy_0: -1
08-05 18:05:17.138   683  1014 W hwcomposer: (0) failed to waitNextVsync: -1
08-05 18:05:17.142  1892  2022 D NetworkController.MobileSignalController(1): onSignalStrengthsChanged signalStrength=SignalStrength:{mCdma=CellSignalStrengthCdma: cdmaDbm=2147483647 cdmaEcio=2147483647 evdoDbm=2147483647 evdoEcio=2147483647 evdoSnr=2147483647 miuiLevel=0 level=0,mGsm=CellSignalStrengthGsm: rssi=2147483647 ber=2147483647 mTa=2147483647 miuiLevel=0 mLevel=0,mWcdma=CellSignalStrengthWcdma: ss=2147483647 ber=2147483647 rscp=2147483647 ecno=2147483647 miuiLevel=0 level=0,mTdscdma=CellSignalStrengthTdscdma: rssi=2147483647 ber=2147483647 rscp=2147483647 miuiLevel=0 level=0,mLte=CellSignalStrengthLte: rssi=-91 rsrp=-105 rsrq=-14 rssnr=1 cqi=0 ta=0 miuiLevel=4 level=3 parametersUseForLevel=0,mNr=CellSignalStrengthNr:{ csiRsrp = 2147483647 csiRsrq = 2147483647 csiSinr = 2147483647 ssRsrp = 2147483647 ssRsrq = 2147483647 ssSinr = 2147483647 miuiLevel = 0 level = 0 parametersUseForLevel = 0 },primary=CellSignalStrengthLte}, phoneId=0, mMtkLevel=0, mMtkRsrpOnly=false, mMtkLteRsrpThreshold=null, mMtkLteRssnrThreshold=null level=3
08-05 18:05:17.142  1892  2022 D NetworkController.MobileSignalController(1): updateTelephonySignalStrength: hasService=true ss=SignalStrength:{mCdma=CellSignalStrengthCdma: cdmaDbm=2147483647 cdmaEcio=2147483647 evdoDbm=2147483647 evdoEcio=2147483647 evdoSnr=2147483647 miuiLevel=0 level=0,mGsm=CellSignalStrengthGsm: rssi=2147483647 ber=2147483647 mTa=2147483647 miuiLevel=0 mLevel=0,mWcdma=CellSignalStrengthWcdma: ss=2147483647 ber=2147483647 rscp=2147483647 ecno=2147483647 miuiLevel=0 level=0,mTdscdma=CellSignalStrengthTdscdma: rssi=2147483647 ber=2147483647 rscp=2147483647 miuiLevel=0 level=0,mLte=CellSignalStrengthLte: rssi=-91 rsrp=-105 rsrq=-14 rssnr=1 cqi=0 ta=0 miuiLevel=4 level=3 parametersUseForLevel=0,mNr=CellSignalStrengthNr:{ csiRsrp = 2147483647 csiRsrq = 2147483647 csiSinr = 2147483647 ssRsrp = 2147483647 ssRsrq = 2147483647 ssSinr = 2147483647 miuiLevel = 0 level = 0 parametersUseForLevel = 0 },primary=CellSignalStrengthLte}, phoneId=0, mMtkLevel=0, mMtkRsrpOnly=false, mMtkLteRsrpThreshold=null, mMtkLteRssnrThreshold=null displayInfo=TelephonyDisplayInfo {network=LTE, override=NONE}
08-05 18:05:17.142  1892  2022 D NetworkController.MobileSignalController(1): NotQcom5G, signal level = 4
08-05 18:05:17.150   683   811 I hwcomposer: [HWCDisplay] [Display_0 (type:1)] fps:0.670038,dur:2984.90,max:2774.76,min:210.15
08-05 18:05:17.156  1892  2022 D NetworkController.MobileSignalController(1): notifyListeners mConfig.alwaysShowNetworkTypeIcon=false  getNetworkType:13/LTE voiceNetType=13/LTE showDataIcon=false mConfig.alwaysShowDataRatIcon=false icons.mDataType=2131232019 mConfig.showVolteIcon=false isVolteSwitchOn=false volteIcon=0 mConfig.showVowifiIcon=false
08-05 18:05:17.309   683  1014 E hwcomposer: [DRMDEV] failed to drmWaitVBlank with dpy_0: -1
08-05 18:05:17.309   683  1009 I hwcomposer: [DPY] receive refesh frquest from driver: type[4]
08-05 18:05:17.310   683  1014 W hwcomposer: (0) failed to waitNextVsync: -1
08-05 18:05:17.310   683  1009 I hwcomposer: [HWC] fire a callback of refresh to SF
08-05 18:05:17.321   683  1014 E hwcomposer: [DRMDEV] failed to drmWaitVBlank with dpy_0: -1
08-05 18:05:17.321   683  1014 W hwcomposer: (0) failed to waitNextVsync: -1
08-05 18:05:17.325   730   730 I BufferQueueProducer: [FramebufferSurface](this:0xb400007e00f11ed0,id:-1,api:1,p:730,c:730) queueBuffer: fps=0.34 dur=2950.55 max=2950.55 min=2950.55
08-05 18:05:17.327  1048  1048 I thermal_repeater: [recvMdThermalInfo] ret=28, strLen=127,  3, 42, -50, 0, 32767, 10269
08-05 18:05:17.451   683  1014 E hwcomposer: [DRMDEV] failed to drmWaitVBlank with dpy_0: -1
08-05 18:05:17.451   683  1014 W hwcomposer: (0) failed to waitNextVsync: -1
08-05 18:05:17.451   730  1004 W HWComposer: Ignoring duplicate VSYNC event from HWC for display 0 (t=64234417190000)
08-05 18:05:17.454   683  1014 E hwcomposer: [DRMDEV] failed to drmWaitVBlank with dpy_0: -1
08-05 18:05:17.454   683  1014 W hwcomposer: (0) failed to waitNextVsync: -1
08-05 18:05:17.796 11557 11557 W sh      : type=1400 audit(0.0:153821): avc: denied { search } for name="mm" dev="sysfs" ino=6916 scontext=u:r:shell:s0 tcontext=u:object_r:sysfs_mm:s0 tclass=dir permissive=0
08-05 18:05:17.800 11559 11559 W sh      : type=1400 audit(0.0:153822): avc: denied { search } for name="mm" dev="sysfs" ino=6916 scontext=u:r:shell:s0 tcontext=u:object_r:sysfs_mm:s0 tclass=dir permissive=0
08-05 18:05:17.816 11557 11557 W ps      : type=1400 audit(0.0:153823): avc: denied { search } for name="mm" dev="sysfs" ino=6916 scontext=u:r:shell:s0 tcontext=u:object_r:sysfs_mm:s0 tclass=dir permissive=0
08-05 18:05:17.828 11559 11559 W ps      : type=1400 audit(0.0:153824): avc: denied { search } for name="mm" dev="sysfs" ino=6916 scontext=u:r:shell:s0 tcontext=u:object_r:sysfs_mm:s0 tclass=dir permissive=0
08-05 18:05:19.494  1061  2025 D AALLightSensor: oldLux=55 [SA:39 LA:39] newLux=55 (oriLux: 40)
08-05 18:05:19.568  1381  1642 D MiuiNetworkPolicy: updateLimit mLimitEnabled=false,enabled=true,mNetworkPriorityMode=255
08-05 18:05:19.928 11561 11561 W sh      : type=1400 audit(0.0:153825): avc: denied { search } for name="mm" dev="sysfs" ino=6916 scontext=u:r:shell:s0 tcontext=u:object_r:sysfs_mm:s0 tclass=dir permissive=0
08-05 18:05:19.948 11561 11561 W ps      : type=1400 audit(0.0:153826): avc: denied { search } for name="mm" dev="sysfs" ino=6916 scontext=u:r:shell:s0 tcontext=u:object_r:sysfs_mm:s0 tclass=dir permissive=0
08-05 18:05:19.980 11563 11563 W sh      : type=1400 audit(0.0:153827): avc: denied { search } for name="mm" dev="sysfs" ino=6916 scontext=u:r:shell:s0 tcontext=u:object_r:sysfs_mm:s0 tclass=dir permissive=0
08-05 18:05:19.996 11563 11563 W ps      : type=1400 audit(0.0:153828): avc: denied { search } for name="mm" dev="sysfs" ino=6916 scontext=u:r:shell:s0 tcontext=u:object_r:sysfs_mm:s0 tclass=dir permissive=0
08-05 18:05:20.124  1381  1653 E WifiVendorHal: getWifiLinkLayerStats_1_3_Internal(l.976) failed {.code = ERROR_NOT_SUPPORTED, .description = }
08-05 18:05:20.139   683  1014 E hwcomposer: [DRMDEV] failed to drmWaitVBlank with dpy_0: -1
08-05 18:05:20.139   683  1014 W hwcomposer: (0) failed to waitNextVsync: -1
08-05 18:05:20.155   683  1014 E hwcomposer: [DRMDEV] failed to drmWaitVBlank with dpy_0: -1
08-05 18:05:20.155   683  1014 W hwcomposer: (0) failed to waitNextVsync: -1
08-05 18:05:20.171   683  1014 E hwcomposer: [DRMDEV] failed to drmWaitVBlank with dpy_0: -1
08-05 18:05:20.171   683  1014 W hwcomposer: (0) failed to waitNextVsync: -1
08-05 18:05:20.181   730  2919 I BufferQueueProducer: [StatusBar#0](this:0xb400007e11761258,id:5,api:1,p:1892,c:730) queueBuffer: fps=0.66 dur=3050.45 max=2992.72 min=57.73
08-05 18:05:20.188   683  1014 E hwcomposer: [DRMDEV] failed to drmWaitVBlank with dpy_0: -1
08-05 18:05:20.188   683  1014 W hwcomposer: (0) failed to waitNextVsync: -1
08-05 18:05:20.200   683   811 I hwcomposer: [HWCDisplay] [Display_0 (type:1)] fps:0.983633,dur:3049.92,max:2874.03,min:48.21
08-05 18:05:20.309   683  1009 I hwcomposer: [DPY] receive refesh frquest from driver: type[4]
08-05 18:05:20.309   683  1009 I hwcomposer: [HWC] fire a callback of refresh to SF
08-05 18:05:20.332   730   730 I BufferQueueProducer: [FramebufferSurface](this:0xb400007e00f11ed0,id:-1,api:1,p:730,c:730) queueBuffer: fps=0.33 dur=3006.78 max=3006.78 min=3006.78
08-05 18:05:21.123   683  1014 E hwcomposer: [DRMDEV] failed to drmWaitVBlank with dpy_0: -1
08-05 18:05:21.123   683  1014 W hwcomposer: (0) failed to waitNextVsync: -1
08-05 18:05:21.138   683  1014 E hwcomposer: [DRMDEV] failed to drmWaitVBlank with dpy_0: -1
08-05 18:05:21.138   683  1014 W hwcomposer: (0) failed to waitNextVsync: -1
08-05 18:05:21.154   683  1014 E hwcomposer: [DRMDEV] failed to drmWaitVBlank with dpy_0: -1
08-05 18:05:21.155   683  1014 W hwcomposer: (0) failed to waitNextVsync: -1
08-05 18:05:21.418   683  1009 I hwcomposer: [DPY] receive refesh frquest from driver: type[4]
08-05 18:05:21.418   683  1009 I hwcomposer: [HWC] fire a callback of refresh to SF
08-05 18:05:21.419   683  1014 E hwcomposer: [DRMDEV] failed to drmWaitVBlank with dpy_0: -1
08-05 18:05:21.419   683  1014 W hwcomposer: (0) failed to waitNextVsync: -1
08-05 18:05:21.419   730  1004 W HWComposer: Ignoring duplicate VSYNC event from HWC for display 0 (t=64238384946000)
08-05 18:05:21.421   683  1014 E hwcomposer: [DRMDEV] failed to drmWaitVBlank with dpy_0: -1
08-05 18:05:21.421   683  1014 W hwcomposer: (0) failed to waitNextVsync: -1
08-05 18:05:21.438   683  1014 E hwcomposer: [DRMDEV] failed to drmWaitVBlank with dpy_0: -1
08-05 18:05:21.438   683  1014 W hwcomposer: (0) failed to waitNextVsync: -1
08-05 18:05:21.441   730   730 I BufferQueueProducer: [FramebufferSurface](this:0xb400007e00f11ed0,id:-1,api:1,p:730,c:730) queueBuffer: fps=0.90 dur=1109.10 max=1109.10 min=1109.10
08-05 18:05:21.442   683   811 I hwcomposer: [HWCDisplay] [Display_0 (type:1)] fps:2.415675,dur:1241.89,max:832.52,min:132.48
08-05 18:05:22.048 11565 11565 W sh      : type=1400 audit(0.0:153829): avc: denied { search } for name="mm" dev="sysfs" ino=6916 scontext=u:r:shell:s0 tcontext=u:object_r:sysfs_mm:s0 tclass=dir permissive=0
08-05 18:05:22.068 11565 11565 W ps      : type=1400 audit(0.0:153830): avc: denied { search } for name="mm" dev="sysfs" ino=6916 scontext=u:r:shell:s0 tcontext=u:object_r:sysfs_mm:s0 tclass=dir permissive=0
08-05 18:05:22.084 11567 11567 W sh      : type=1400 audit(0.0:153831): avc: denied { search } for name="mm" dev="sysfs" ino=6916 scontext=u:r:shell:s0 tcontext=u:object_r:sysfs_mm:s0 tclass=dir permissive=0
08-05 18:05:22.092 11567 11567 W ps      : type=1400 audit(0.0:153832): avc: denied { search } for name="mm" dev="sysfs" ino=6916 scontext=u:r:shell:s0 tcontext=u:object_r:sysfs_mm:s0 tclass=dir permissive=0
08-05 18:05:22.262  1892  2022 D NetworkController.MobileSignalController(1): onSignalStrengthsChanged signalStrength=SignalStrength:{mCdma=CellSignalStrengthCdma: cdmaDbm=2147483647 cdmaEcio=2147483647 evdoDbm=2147483647 evdoEcio=2147483647 evdoSnr=2147483647 miuiLevel=0 level=0,mGsm=CellSignalStrengthGsm: rssi=2147483647 ber=2147483647 mTa=2147483647 miuiLevel=0 mLevel=0,mWcdma=CellSignalStrengthWcdma: ss=2147483647 ber=2147483647 rscp=2147483647 ecno=2147483647 miuiLevel=0 level=0,mTdscdma=CellSignalStrengthTdscdma: rssi=2147483647 ber=2147483647 rscp=2147483647 miuiLevel=0 level=0,mLte=CellSignalStrengthLte: rssi=-93 rsrp=-105 rsrq=-14 rssnr=2 cqi=0 ta=0 miuiLevel=4 level=3 parametersUseForLevel=0,mNr=CellSignalStrengthNr:{ csiRsrp = 2147483647 csiRsrq = 2147483647 csiSinr = 2147483647 ssRsrp = 2147483647 ssRsrq = 2147483647 ssSinr = 2147483647 miuiLevel = 0 level = 0 parametersUseForLevel = 0 },primary=CellSignalStrengthLte}, phoneId=0, mMtkLevel=0, mMtkRsrpOnly=false, mMtkLteRsrpThreshold=null, mMtkLteRssnrThreshold=null level=3
08-05 18:05:22.263  1892  2022 D NetworkController.MobileSignalController(1): updateTelephonySignalStrength: hasService=true ss=SignalStrength:{mCdma=CellSignalStrengthCdma: cdmaDbm=2147483647 cdmaEcio=2147483647 evdoDbm=2147483647 evdoEcio=2147483647 evdoSnr=2147483647 miuiLevel=0 level=0,mGsm=CellSignalStrengthGsm: rssi=2147483647 ber=2147483647 mTa=2147483647 miuiLevel=0 mLevel=0,mWcdma=CellSignalStrengthWcdma: ss=2147483647 ber=2147483647 rscp=2147483647 ecno=2147483647 miuiLevel=0 level=0,mTdscdma=CellSignalStrengthTdscdma: rssi=2147483647 ber=2147483647 rscp=2147483647 miuiLevel=0 level=0,mLte=CellSignalStrengthLte: rssi=-93 rsrp=-105 rsrq=-14 rssnr=2 cqi=0 ta=0 miuiLevel=4 level=3 parametersUseForLevel=0,mNr=CellSignalStrengthNr:{ csiRsrp = 2147483647 csiRsrq = 2147483647 csiSinr = 2147483647 ssRsrp = 2147483647 ssRsrq = 2147483647 ssSinr = 2147483647 miuiLevel = 0 level = 0 parametersUseForLevel = 0 },primary=CellSignalStrengthLte}, phoneId=0, mMtkLevel=0, mMtkRsrpOnly=false, mMtkLteRsrpThreshold=null, mMtkLteRssnrThreshold=null displayInfo=TelephonyDisplayInfo {network=LTE, override=NONE}
08-05 18:05:22.264  1892  2022 D NetworkController.MobileSignalController(1): NotQcom5G, signal level = 4
08-05 18:05:23.140  1381  1653 E WifiVendorHal: getWifiLinkLayerStats_1_3_Internal(l.976) failed {.code = ERROR_NOT_SUPPORTED, .description = }
08-05 18:05:23.569 21070 21102 D BluetoothUtils: blockedByLocationOff callingUid=1002
08-05 18:05:23.571 21070 21102 I BluetoothUtils: packagename is android.uid.bluetooth:1002 ,and its permission is false
08-05 18:05:23.571 21070 21102 D BluetoothUtils: blockedByLocationOff callingUid=1002
08-05 18:05:23.572 21070 21102 I BluetoothUtils: packagename is android.uid.bluetooth:1002 ,and its permission is false
08-05 18:05:23.574 21070 21102 D BluetoothUtils: blockedByLocationOff callingUid=1002
08-05 18:05:23.575 21070 21102 I BluetoothUtils: packagename is android.uid.bluetooth:1002 ,and its permission is false
08-05 18:05:23.576  7630  7763 I NearbyDiscovery: (REDACTED) FastPairCache: Not triggering, because RSSI %d is below the threshold of %d, %s, isScannedByOffloadScanner=%b
08-05 18:05:23.601  1061  2025 D AALLightSensor: oldLux=55 [SA:39 LA:39] newLux=55 (oriLux: 40)
08-05 18:05:23.661 21070 21102 D BluetoothUtils: blockedByLocationOff callingUid=1002
08-05 18:05:23.663 21070 21102 I BluetoothUtils: packagename is android.uid.bluetooth:1002 ,and its permission is false
08-05 18:05:23.664 21070 21102 D BluetoothUtils: blockedByLocationOff callingUid=1002
08-05 18:05:23.665 21070 21102 I BluetoothUtils: packagename is android.uid.bluetooth:1002 ,and its permission is false
08-05 18:05:23.666 21070 21102 D BluetoothUtils: blockedByLocationOff callingUid=1002
08-05 18:05:23.667 21070 21102 I BluetoothUtils: packagename is android.uid.bluetooth:1002 ,and its permission is false
08-05 18:05:23.669  7630  7763 I NearbyDiscovery: (REDACTED) FastPairCache: Not triggering, because RSSI %d is below the threshold of %d, %s, isScannedByOffloadScanner=%b
08-05 18:05:24.152 11569 11569 W sh      : type=1400 audit(0.0:153833): avc: denied { search } for name="mm" dev="sysfs" ino=6916 scontext=u:r:shell:s0 tcontext=u:object_r:sysfs_mm:s0 tclass=dir permissive=0
08-05 18:05:24.160 11571 11571 W sh      : type=1400 audit(0.0:153834): avc: denied { search } for name="mm" dev="sysfs" ino=6916 scontext=u:r:shell:s0 tcontext=u:object_r:sysfs_mm:s0 tclass=dir permissive=0
08-05 18:05:24.172 11569 11569 W ps      : type=1400 audit(0.0:153835): avc: denied { search } for name="mm" dev="sysfs" ino=6916 scontext=u:r:shell:s0 tcontext=u:object_r:sysfs_mm:s0 tclass=dir permissive=0
08-05 18:05:24.176 11571 11571 W ps      : type=1400 audit(0.0:153836): avc: denied { search } for name="mm" dev="sysfs" ino=6916 scontext=u:r:shell:s0 tcontext=u:object_r:sysfs_mm:s0 tclass=dir permissive=0
08-05 18:05:24.422   739   770 D ccci_mdinit: (1):monitor_time_update_thread round:15850 ########
08-05 18:05:25.141   683  1014 E hwcomposer: [DRMDEV] failed to drmWaitVBlank with dpy_0: -1
08-05 18:05:25.142   683  1014 W hwcomposer: (0) failed to waitNextVsync: -1
08-05 18:05:25.154   683  1014 E hwcomposer: [DRMDEV] failed to drmWaitVBlank with dpy_0: -1
08-05 18:05:25.155   683  1014 W hwcomposer: (0) failed to waitNextVsync: -1
08-05 18:05:25.163   730  2919 I BufferQueueProducer: [StatusBar#0](this:0xb400007e11761258,id:5,api:1,p:1892,c:730) queueBuffer: fps=0.40 dur=4982.38 max=4019.40 min=962.98
08-05 18:05:25.171   683  1014 E hwcomposer: [DRMDEV] failed to drmWaitVBlank with dpy_0: -1
08-05 18:05:25.171   683  1014 W hwcomposer: (0) failed to waitNextVsync: -1
08-05 18:05:25.184   683   811 I hwcomposer: [HWCDisplay] [Display_0 (type:1)] fps:0.267251,dur:3741.79,max:3741.79,min:3741.79
08-05 18:05:25.366   683  1009 I hwcomposer: [DPY] receive refesh frquest from driver: type[4]
08-05 18:05:25.366   683  1009 I hwcomposer: [HWC] fire a callback of refresh to SF
08-05 18:05:25.366   683  1014 E hwcomposer: [DRMDEV] failed to drmWaitVBlank with dpy_0: -1
08-05 18:05:25.366   683  1014 W hwcomposer: (0) failed to waitNextVsync: -1
08-05 18:05:25.386   730   730 I BufferQueueProducer: [FramebufferSurface](this:0xb400007e00f11ed0,id:-1,api:1,p:730,c:730) queueBuffer: fps=0.25 dur=3945.14 max=3945.14 min=3945.14
08-05 18:05:26.157  1381  1653 E WifiVendorHal: getWifiLinkLayerStats_1_3_Internal(l.976) failed {.code = ERROR_NOT_SUPPORTED, .description = }
08-05 18:05:26.163  1381  1719 D SlaveWifiManager: getWifiSlaveConnectionInfo
08-05 18:05:26.164  1381  1719 D SlaveWifiManager: getWifiSlaveConnectionInfo
08-05 18:05:26.167  1892  2022 D NetworkController: onReceive: intent=Intent { act=android.net.wifi.RSSI_CHANGED flg=0x4000010 (has extras) }
08-05 18:05:26.169   683  1014 E hwcomposer: [DRMDEV] failed to drmWaitVBlank with dpy_0: -1
08-05 18:05:26.169   683  1014 W hwcomposer: (0) failed to waitNextVsync: -1
08-05 18:05:26.171   683  1014 E hwcomposer: [DRMDEV] failed to drmWaitVBlank with dpy_0: -1
08-05 18:05:26.171   683  1014 W hwcomposer: (0) failed to waitNextVsync: -1
08-05 18:05:26.189   683  1014 E hwcomposer: [DRMDEV] failed to drmWaitVBlank with dpy_0: -1
08-05 18:05:26.189   683  1014 W hwcomposer: (0) failed to waitNextVsync: -1
08-05 18:05:26.190  3004  5031 I CarrierServices: [146] fvp.c: Connected state: [1], networkType: [WIFI]
08-05 18:05:26.193  3004  5025 I CarrierServices: [145] gnn.handleMessage: RcsEngineImpl[DUAL_REG]:[77cb523c-bbcc]>Handler: handleMessage processing message:[NOTIFY_UPTIME_IGNORE_STATE_CHANGED] with [non-null]:RcsEngineImpl reference
08-05 18:05:26.204   683  1014 E hwcomposer: [DRMDEV] failed to drmWaitVBlank with dpy_0: -1
08-05 18:05:26.204   683  1014 W hwcomposer: (0) failed to waitNextVsync: -1
08-05 18:05:26.210   730  2919 I BufferQueueProducer: [StatusBar#0](this:0xb400007e11761258,id:5,api:1,p:1892,c:730) queueBuffer: fps=0.95 dur=1047.29 max=1047.29 min=1047.29
08-05 18:05:26.215   683   811 I hwcomposer: [HWCDisplay] [Display_0 (type:1)] fps:1.939537,dur:1031.17,max:827.91,min:203.26
08-05 18:05:26.220  3004  5025 I CarrierServices: [145] gkn.z: Rcs is enabled from user settings: true
08-05 18:05:26.272 11574 11574 W sh      : type=1400 audit(0.0:153837): avc: denied { search } for name="mm" dev="sysfs" ino=6916 scontext=u:r:shell:s0 tcontext=u:object_r:sysfs_mm:s0 tclass=dir permissive=0
08-05 18:05:26.276 11576 11576 W sh      : type=1400 audit(0.0:153838): avc: denied { search } for name="mm" dev="sysfs" ino=6916 scontext=u:r:shell:s0 tcontext=u:object_r:sysfs_mm:s0 tclass=dir permissive=0
08-05 18:05:26.296 11574 11574 W ps      : type=1400 audit(0.0:153839): avc: denied { search } for name="mm" dev="sysfs" ino=6916 scontext=u:r:shell:s0 tcontext=u:object_r:sysfs_mm:s0 tclass=dir permissive=0
08-05 18:05:26.300 11576 11576 W ps      : type=1400 audit(0.0:153840): avc: denied { search } for name="mm" dev="sysfs" ino=6916 scontext=u:r:shell:s0 tcontext=u:object_r:sysfs_mm:s0 tclass=dir permissive=0
08-05 18:05:26.786   683  1014 E hwcomposer: [DRMDEV] failed to drmWaitVBlank with dpy_0: -1
08-05 18:05:26.786   683  1009 I hwcomposer: [DPY] receive refesh frquest from driver: type[4]
08-05 18:05:26.786   683  1014 W hwcomposer: (0) failed to waitNextVsync: -1
08-05 18:05:26.787   683  1009 I hwcomposer: [HWC] fire a callback of refresh to SF
08-05 18:05:26.788   683  1014 E hwcomposer: [DRMDEV] failed to drmWaitVBlank with dpy_0: -1
08-05 18:05:26.788   683  1014 W hwcomposer: (0) failed to waitNextVsync: -1
08-05 18:05:26.808   730   730 I BufferQueueProducer: [FramebufferSurface](this:0xb400007e00f11ed0,id:-1,api:1,p:730,c:730) queueBuffer: fps=0.70 dur=1421.58 max=1421.58 min=1421.58
08-05 18:05:27.231  1381  1642 I MiuiNetworkPolicy: updateUidState uid = 10259, uidState = 10
08-05 18:05:27.258  3241  4315 I com.miui.daemo: oneway function results will be dropped but finished with status OK and parcel size 4
08-05 18:05:27.304  3241  4315 I chatty  : uid=1000(system) Binder:3241_4 identical 2 lines
08-05 18:05:27.320  3241  4315 I com.miui.daemo: oneway function results will be dropped but finished with status OK and parcel size 4
08-05 18:05:27.340  1048  1048 I thermal_repeater: [recvMdThermalInfo] ret=28, strLen=127,  3, 42, -50, 0, 32767, 10269
08-05 18:05:27.341  3241  4315 I com.miui.daemo: oneway function results will be dropped but finished with status OK and parcel size 4
08-05 18:05:27.355  3241  4315 I chatty  : uid=1000(system) Binder:3241_4 identical 1 line
08-05 18:05:27.369  3241  4315 I com.miui.daemo: oneway function results will be dropped but finished with status OK and parcel size 4
08-05 18:05:27.370  1892  2022 D NetworkController.MobileSignalController(1): onSignalStrengthsChanged signalStrength=SignalStrength:{mCdma=CellSignalStrengthCdma: cdmaDbm=2147483647 cdmaEcio=2147483647 evdoDbm=2147483647 evdoEcio=2147483647 evdoSnr=2147483647 miuiLevel=0 level=0,mGsm=CellSignalStrengthGsm: rssi=2147483647 ber=2147483647 mTa=2147483647 miuiLevel=0 mLevel=0,mWcdma=CellSignalStrengthWcdma: ss=2147483647 ber=2147483647 rscp=2147483647 ecno=2147483647 miuiLevel=0 level=0,mTdscdma=CellSignalStrengthTdscdma: rssi=2147483647 ber=2147483647 rscp=2147483647 miuiLevel=0 level=0,mLte=CellSignalStrengthLte: rssi=-91 rsrp=-104 rsrq=-15 rssnr=1 cqi=0 ta=0 miuiLevel=4 level=3 parametersUseForLevel=0,mNr=CellSignalStrengthNr:{ csiRsrp = 2147483647 csiRsrq = 2147483647 csiSinr = 2147483647 ssRsrp = 2147483647 ssRsrq = 2147483647 ssSinr = 2147483647 miuiLevel = 0 level = 0 parametersUseForLevel = 0 },primary=CellSignalStrengthLte}, phoneId=0, mMtkLevel=0, mMtkRsrpOnly=false, mMtkLteRsrpThreshold=null, mMtkLteRssnrThreshold=null level=3
08-05 18:05:27.370  3241  4315 I com.miui.daemo: oneway function results will be dropped but finished with status OK and parcel size 4
08-05 18:05:27.370  1892  2022 D NetworkController.MobileSignalController(1): updateTelephonySignalStrength: hasService=true ss=SignalStrength:{mCdma=CellSignalStrengthCdma: cdmaDbm=2147483647 cdmaEcio=2147483647 evdoDbm=2147483647 evdoEcio=2147483647 evdoSnr=2147483647 miuiLevel=0 level=0,mGsm=CellSignalStrengthGsm: rssi=2147483647 ber=2147483647 mTa=2147483647 miuiLevel=0 mLevel=0,mWcdma=CellSignalStrengthWcdma: ss=2147483647 ber=2147483647 rscp=2147483647 ecno=2147483647 miuiLevel=0 level=0,mTdscdma=CellSignalStrengthTdscdma: rssi=2147483647 ber=2147483647 rscp=2147483647 miuiLevel=0 level=0,mLte=CellSignalStrengthLte: rssi=-91 rsrp=-104 rsrq=-15 rssnr=1 cqi=0 ta=0 miuiLevel=4 level=3 parametersUseForLevel=0,mNr=CellSignalStrengthNr:{ csiRsrp = 2147483647 csiRsrq = 2147483647 csiSinr = 2147483647 ssRsrp = 2147483647 ssRsrq = 2147483647 ssSinr = 2147483647 miuiLevel = 0 level = 0 parametersUseForLevel = 0 },primary=CellSignalStrengthLte}, phoneId=0, mMtkLevel=0, mMtkRsrpOnly=false, mMtkLteRsrpThreshold=null, mMtkLteRssnrThreshold=null displayInfo=TelephonyDisplayInfo {network=LTE, override=NONE}
08-05 18:05:27.370  1892  2022 D NetworkController.MobileSignalController(1): NotQcom5G, signal level = 4
08-05 18:05:27.370  3241  4315 I com.miui.daemo: oneway function results will be dropped but finished with status OK and parcel size 4
08-05 18:05:27.371  3241  4315 I chatty  : uid=1000(system) Binder:3241_4 identical 2 lines
08-05 18:05:27.371  3241  4315 I com.miui.daemo: oneway function results will be dropped but finished with status OK and parcel size 4
08-05 18:05:27.601  1061 15179 D AALLightSensor: oldLux=55 [SA:39 LA:39] newLux=55 (oriLux: 39)
08-05 18:05:28.420 11579 11579 W sh      : type=1400 audit(0.0:153841): avc: denied { search } for name="mm" dev="sysfs" ino=6916 scontext=u:r:shell:s0 tcontext=u:object_r:sysfs_mm:s0 tclass=dir permissive=0
08-05 18:05:28.428 11581 11581 W sh      : type=1400 audit(0.0:153842): avc: denied { search } for name="mm" dev="sysfs" ino=6916 scontext=u:r:shell:s0 tcontext=u:object_r:sysfs_mm:s0 tclass=dir permissive=0
08-05 18:05:28.444 11579 11579 W ps      : type=1400 audit(0.0:153843): avc: denied { search } for name="mm" dev="sysfs" ino=6916 scontext=u:r:shell:s0 tcontext=u:object_r:sysfs_mm:s0 tclass=dir permissive=0
08-05 18:05:28.448 11581 11581 W ps      : type=1400 audit(0.0:153844): avc: denied { search } for name="mm" dev="sysfs" ino=6916 scontext=u:r:shell:s0 tcontext=u:object_r:sysfs_mm:s0 tclass=dir permissive=0
08-05 18:05:28.810  1892  1892 D BatteryController: onReceive: Intent = Intent { act=android.intent.action.BATTERY_CHANGED flg=0x60000010 (has extras) } action = android.intent.action.BATTERY_CHANGED
08-05 18:05:28.811  1892  1892 D KeyguardUpdateMonitor: received broadcast android.intent.action.BATTERY_CHANGED
08-05 18:05:28.813  5600  5930 D PowerCheckerService: onBatteryChanged, mBatteryLevel = 92, status = 2, level = 92, plug = 2, scale = 100
08-05 18:05:28.814 29706 29706 I BatteryInfoReceiver: ACTION_BATTERY_CHANGED
08-05 18:05:28.822 29706 29706 I PowerNoticeUI: handleBatteryChanged oldPlugType 2 mPlugType 2 oldBatteryLevel 92 mBatteryLevel 92 temperature 348
08-05 18:05:29.172  1381  1653 E WifiVendorHal: getWifiLinkLayerStats_1_3_Internal(l.976) failed {.code = ERROR_NOT_SUPPORTED, .description = }
08-05 18:05:29.183  1381  1719 D SlaveWifiManager: getWifiSlaveConnectionInfo
08-05 18:05:29.184  1381  1719 D SlaveWifiManager: getWifiSlaveConnectionInfo
08-05 18:05:29.190   683  1014 E hwcomposer: [DRMDEV] failed to drmWaitVBlank with dpy_0: -1
08-05 18:05:29.190   683  1014 W hwcomposer: (0) failed to waitNextVsync: -1
08-05 18:05:29.188  1892  2022 D NetworkController: onReceive: intent=Intent { act=android.net.wifi.RSSI_CHANGED flg=0x4000010 (has extras) }
08-05 18:05:29.205   683  1014 E hwcomposer: [DRMDEV] failed to drmWaitVBlank with dpy_0: -1
08-05 18:05:29.205   683  1014 W hwcomposer: (0) failed to waitNextVsync: -1
08-05 18:05:29.215  3004  5025 I CarrierServices: [145] gnn.handleMessage: RcsEngineImpl[DUAL_REG]:[77cb523c-bbcc]>Handler: handleMessage processing message:[NOTIFY_UPTIME_IGNORE_STATE_CHANGED] with [non-null]:RcsEngineImpl reference
08-05 18:05:29.219  3004  5031 I CarrierServices: [146] fvp.c: Connected state: [1], networkType: [WIFI]
08-05 18:05:29.221   683  1014 E hwcomposer: [DRMDEV] failed to drmWaitVBlank with dpy_0: -1
08-05 18:05:29.221   683  1014 W hwcomposer: (0) failed to waitNextVsync: -1
08-05 18:05:29.235   730  1252 I BufferQueueProducer: [StatusBar#0](this:0xb400007e11761258,id:5,api:1,p:1892,c:730) queueBuffer: fps=0.33 dur=3024.75 max=3024.75 min=3024.75
08-05 18:05:29.238   683  1014 E hwcomposer: [DRMDEV] failed to drmWaitVBlank with dpy_0: -1
08-05 18:05:29.238   683  1014 W hwcomposer: (0) failed to waitNextVsync: -1
08-05 18:05:29.241  3004  5025 I CarrierServices: [145] gkn.z: Rcs is enabled from user settings: true
08-05 18:05:29.249   683   811 I hwcomposer: [HWCDisplay] [Display_0 (type:1)] fps:0.659189,dur:3034.03,max:2440.34,min:593.69
08-05 18:05:29.357   683  1009 I hwcomposer: [DPY] receive refesh frquest from driver: type[4]
08-05 18:05:29.358   683  1009 I hwcomposer: [HWC] fire a callback of refresh to SF
08-05 18:05:29.384   730   730 I BufferQueueProducer: [FramebufferSurface](this:0xb400007e00f11ed0,id:-1,api:1,p:730,c:730) queueBuffer: fps=0.39 dur=2576.35 max=2576.35 min=2576.35
08-05 18:05:30.290  3241  4315 I com.miui.daemo: oneway function results will be dropped but finished with status OK and parcel size 4
08-05 18:05:30.328  3241  4315 I chatty  : uid=1000(system) Binder:3241_4 identical 2 lines
08-05 18:05:30.329  3241  4315 I com.miui.daemo: oneway function results will be dropped but finished with status OK and parcel size 4
08-05 18:05:30.592 11584 11584 W sh      : type=1400 audit(0.0:153845): avc: denied { search } for name="mm" dev="sysfs" ino=6916 scontext=u:r:shell:s0 tcontext=u:object_r:sysfs_mm:s0 tclass=dir permissive=0
08-05 18:05:30.600 11586 11586 W sh      : type=1400 audit(0.0:153846): avc: denied { search } for name="mm" dev="sysfs" ino=6916 scontext=u:r:shell:s0 tcontext=u:object_r:sysfs_mm:s0 tclass=dir permissive=0
08-05 18:05:30.612 11584 11584 W ps      : type=1400 audit(0.0:153847): avc: denied { search } for name="mm" dev="sysfs" ino=6916 scontext=u:r:shell:s0 tcontext=u:object_r:sysfs_mm:s0 tclass=dir permissive=0
08-05 18:05:30.624 11586 11586 W ps      : type=1400 audit(0.0:153848): avc: denied { search } for name="mm" dev="sysfs" ino=6916 scontext=u:r:shell:s0 tcontext=u:object_r:sysfs_mm:s0 tclass=dir permissive=0
08-05 18:05:31.133 11452 11480 E TestRunner: failed: grid_list_button_is_displayed(com.example.dogglers.ButtonTests)
08-05 18:05:31.133 11452 11480 E TestRunner: ----- begin exception -----
08-05 18:05:31.136 11452 11480 E TestRunner: java.lang.AssertionError: Activity never becomes requested state "[CREATED, DESTROYED, STARTED, RESUMED]" (last lifecycle transition = "PRE_ON_CREATE")
08-05 18:05:31.136 11452 11480 E TestRunner: 	at androidx.test.core.app.ActivityScenario.waitForActivityToBecomeAnyOf(ActivityScenario.java:338)
08-05 18:05:31.136 11452 11480 E TestRunner: 	at androidx.test.core.app.ActivityScenario.launchInternal(ActivityScenario.java:272)
08-05 18:05:31.136 11452 11480 E TestRunner: 	at androidx.test.core.app.ActivityScenario.launch(ActivityScenario.java:195)
08-05 18:05:31.136 11452 11480 E TestRunner: 	at androidx.test.ext.junit.rules.ActivityScenarioRule.lambda$new$0$ActivityScenarioRule(ActivityScenarioRule.java:70)
08-05 18:05:31.136 11452 11480 E TestRunner: 	at androidx.test.ext.junit.rules.ActivityScenarioRule$$Lambda$0.get(ActivityScenarioRule.java:70)
08-05 18:05:31.136 11452 11480 E TestRunner: 	at androidx.test.ext.junit.rules.ActivityScenarioRule.before(ActivityScenarioRule.java:103)
08-05 18:05:31.136 11452 11480 E TestRunner: 	at org.junit.rules.ExternalResource$1.evaluate(ExternalResource.java:46)
08-05 18:05:31.136 11452 11480 E TestRunner: 	at org.junit.rules.RunRules.evaluate(RunRules.java:20)
08-05 18:05:31.136 11452 11480 E TestRunner: 	at org.junit.runners.ParentRunner.runLeaf(ParentRunner.java:325)
08-05 18:05:31.136 11452 11480 E TestRunner: 	at org.junit.runners.BlockJUnit4ClassRunner.runChild(BlockJUnit4ClassRunner.java:78)
08-05 18:05:31.136 11452 11480 E TestRunner: 	at org.junit.runners.BlockJUnit4ClassRunner.runChild(BlockJUnit4ClassRunner.java:57)
08-05 18:05:31.136 11452 11480 E TestRunner: 	at org.junit.runners.ParentRunner$3.run(ParentRunner.java:290)
08-05 18:05:31.136 11452 11480 E TestRunner: 	at org.junit.runners.ParentRunner$1.schedule(ParentRunner.java:71)
08-05 18:05:31.136 11452 11480 E TestRunner: 	at org.junit.runners.ParentRunner.runChildren(ParentRunner.java:288)
08-05 18:05:31.136 11452 11480 E TestRunner: 	at org.junit.runners.ParentRunner.access$000(ParentRunner.java:58)
08-05 18:05:31.136 11452 11480 E TestRunner: 	at org.junit.runners.ParentRunner$2.evaluate(ParentRunner.java:268)
08-05 18:05:31.136 11452 11480 E TestRunner: 	at org.junit.runners.ParentRunner.run(ParentRunner.java:363)
